// Jest Snapshot v1, https://goo.gl/fbAQLP

exports[`The button component shouls render correctly 1`] = `
<DocumentFragment>
  <div
    class="button"
  >
    <button
      data-testid="test-btn"
      type="button"
    >
      Test-text
    </button>
  </div>
</DocumentFragment>
`;
