// Jest Snapshot v1, https://goo.gl/fbAQLP

exports[`The HomePage container should render correctly 1`] = `
<DocumentFragment>
  <div
    class="homepage"
    data-testid="test-homepage"
  >
    <button
      type="button"
    >
      Predict Weather
    </button>
    <input
      type="text"
    />
  </div>
</DocumentFragment>
`;
